[2025-07-30 15:19:27] INFO: Starting WordPress to Wix migration.\n[2025-07-30 15:19:27] ERROR: Wix API credentials not found in the configuration file.\nINFO: Starting WordPress to Wix migration.
INFO: Extracting posts from CSV docs/Posts-Export-2025-July-25-1838.csv
INFO: Found 264 posts to migrate.
INFO: Executando checagens pré-voo...
ERROR: Falha na verificação de conexão com a API Wix. Verifique seu 'access_token' e a rede.
INFO: Migration process finished.
INFO: Starting WordPress to Wix migration.
INFO: Extracting posts from CSV docs/Posts-Export-2025-July-25-1838.csv
INFO: Found 264 posts to migrate.
INFO: Executando checagens pré-voo...
INFO: Checagens pré-voo passaram.
INFO: Migrating post 'debito-ou-credito'
ERROR: An unexpected error occurred while migrating post 'debito-ou-credito': handle_image() got an unexpected keyword argument 'embed_strategy'
ERROR: Failed to generate redirects: generate_redirects_csv() got an unexpected keyword argument 'old_domain'
INFO: Summary report generated at reports/migration/summary.json
INFO: --- Migration Finished ---
INFO: Total posts processed: 264
INFO:   - Successful: 0
INFO:   - Failed: 264
INFO: Redirect map: reports/migration/redirect_map.csv
INFO: Error log: reports/migration/errors.jsonl
INFO: Summary report: reports/migration/summary.json
INFO: Migration process finished.
INFO: Executando checagens pré-voo... | trace=4b2c4ab0-e2d3-4274-84d6-c8a4bfe4d97c
WARNING: Aviso: 'access_token' não definido. Pulando verificação de conexão. | trace=4b2c4ab0-e2d3-4274-84d6-c8a4bfe4d97c
INFO: Migrating post 'post-1' | trace=4b2c4ab0-e2d3-4274-84d6-c8a4bfe4d97c
ERROR: Failed to generate redirects: generate_redirects_csv() got an unexpected keyword argument 'old_domain' | trace=4b2c4ab0-e2d3-4274-84d6-c8a4bfe4d97c
INFO: Summary report generated at reports/migration/summary.json | trace=4b2c4ab0-e2d3-4274-84d6-c8a4bfe4d97c
INFO: --- Migration Finished --- | trace=4b2c4ab0-e2d3-4274-84d6-c8a4bfe4d97c
INFO: Total posts processed: 1 | trace=4b2c4ab0-e2d3-4274-84d6-c8a4bfe4d97c
INFO:   - Successful: 1 | trace=4b2c4ab0-e2d3-4274-84d6-c8a4bfe4d97c
INFO:   - Failed: 0 | trace=4b2c4ab0-e2d3-4274-84d6-c8a4bfe4d97c
INFO: Redirect map: reports/migration/redirect_map.csv | trace=4b2c4ab0-e2d3-4274-84d6-c8a4bfe4d97c
INFO: Error log: reports/migration/errors.jsonl | trace=4b2c4ab0-e2d3-4274-84d6-c8a4bfe4d97c
INFO: Summary report: reports/migration/summary.json | trace=4b2c4ab0-e2d3-4274-84d6-c8a4bfe4d97c
INFO: Starting WordPress to Wix migration. | trace=a4f01eb7-99ee-4f7b-b0c9-9151fcaa79d5
INFO: Extracting posts from CSV docs/Posts-Export-2025-July-25-1838.csv | trace=a4f01eb7-99ee-4f7b-b0c9-9151fcaa79d5
INFO: Found 264 posts to migrate. | trace=a4f01eb7-99ee-4f7b-b0c9-9151fcaa79d5
INFO: Executando checagens pré-voo... | trace=a4f01eb7-99ee-4f7b-b0c9-9151fcaa79d5
INFO: Checagens pré-voo passaram. | trace=a4f01eb7-99ee-4f7b-b0c9-9151fcaa79d5
INFO: Migrating post 'debito-ou-credito' | trace=a4f01eb7-99ee-4f7b-b0c9-9151fcaa79d5
ERROR: Network error creating draft for post 'debito-ou-credito': {"message":"Expected an object","details":{}} | trace=a4f01eb7-99ee-4f7b-b0c9-9151fcaa79d5
ERROR: Failed to generate redirects: generate_redirects_csv() got an unexpected keyword argument 'old_domain' | trace=a4f01eb7-99ee-4f7b-b0c9-9151fcaa79d5
INFO: Summary report generated at reports/migration/summary.json | trace=a4f01eb7-99ee-4f7b-b0c9-9151fcaa79d5
INFO: --- Migration Finished --- | trace=a4f01eb7-99ee-4f7b-b0c9-9151fcaa79d5
INFO: Total posts processed: 264 | trace=a4f01eb7-99ee-4f7b-b0c9-9151fcaa79d5
INFO:   - Successful: 0 | trace=a4f01eb7-99ee-4f7b-b0c9-9151fcaa79d5
INFO:   - Failed: 264 | trace=a4f01eb7-99ee-4f7b-b0c9-9151fcaa79d5
INFO: Redirect map: reports/migration/redirect_map.csv | trace=a4f01eb7-99ee-4f7b-b0c9-9151fcaa79d5
INFO: Error log: reports/migration/errors.jsonl | trace=a4f01eb7-99ee-4f7b-b0c9-9151fcaa79d5
INFO: Summary report: reports/migration/summary.json | trace=a4f01eb7-99ee-4f7b-b0c9-9151fcaa79d5
INFO: Migration process finished. | trace=a4f01eb7-99ee-4f7b-b0c9-9151fcaa79d5
INFO: Starting WordPress to Wix migration. | trace=844cca7c-3806-433a-b01e-9e4af3573d97
INFO: Extracting posts from CSV docs/Posts-Export-2025-July-25-1838.csv | trace=844cca7c-3806-433a-b01e-9e4af3573d97
INFO: Found 264 posts to migrate. | trace=844cca7c-3806-433a-b01e-9e4af3573d97
INFO: Executando checagens pré-voo... | trace=844cca7c-3806-433a-b01e-9e4af3573d97
INFO: Checagens pré-voo passaram. | trace=844cca7c-3806-433a-b01e-9e4af3573d97
INFO: Migrating post 'debito-ou-credito' | trace=844cca7c-3806-433a-b01e-9e4af3573d97
ERROR: Network error creating draft for post 'debito-ou-credito': {"message":"Expected an object","details":{}} | trace=844cca7c-3806-433a-b01e-9e4af3573d97
ERROR: Failed to generate redirects: generate_redirects_csv() got an unexpected keyword argument 'old_domain' | trace=844cca7c-3806-433a-b01e-9e4af3573d97
INFO: Summary report generated at reports/migration/summary.json | trace=844cca7c-3806-433a-b01e-9e4af3573d97
INFO: --- Migration Finished --- | trace=844cca7c-3806-433a-b01e-9e4af3573d97
INFO: Total posts processed: 264 | trace=844cca7c-3806-433a-b01e-9e4af3573d97
INFO:   - Successful: 0 | trace=844cca7c-3806-433a-b01e-9e4af3573d97
INFO:   - Failed: 264 | trace=844cca7c-3806-433a-b01e-9e4af3573d97
INFO: Redirect map: reports/migration/redirect_map.csv | trace=844cca7c-3806-433a-b01e-9e4af3573d97
INFO: Error log: reports/migration/errors.jsonl | trace=844cca7c-3806-433a-b01e-9e4af3573d97
INFO: Summary report: reports/migration/summary.json | trace=844cca7c-3806-433a-b01e-9e4af3573d97
INFO: Migration process finished. | trace=844cca7c-3806-433a-b01e-9e4af3573d97
INFO: Starting WordPress to Wix migration. | trace=a4dcdfde-f6c7-423b-8235-08aab3690d91
INFO: Extracting posts from CSV docs/Posts-Export-2025-July-25-1838.csv | trace=a4dcdfde-f6c7-423b-8235-08aab3690d91
INFO: Found 264 posts to migrate. | trace=a4dcdfde-f6c7-423b-8235-08aab3690d91
INFO: Executando checagens pré-voo... | trace=a4dcdfde-f6c7-423b-8235-08aab3690d91
INFO: Checagens pré-voo passaram. | trace=a4dcdfde-f6c7-423b-8235-08aab3690d91
INFO: Migrating post 'debito-ou-credito' | trace=a4dcdfde-f6c7-423b-8235-08aab3690d91
ERROR: Network error creating draft for post 'debito-ou-credito': {"message":"Expected an object","details":{}} | trace=a4dcdfde-f6c7-423b-8235-08aab3690d91
ERROR: Failed to generate redirects: generate_redirects_csv() got an unexpected keyword argument 'old_domain' | trace=a4dcdfde-f6c7-423b-8235-08aab3690d91
INFO: Summary report generated at reports/migration/summary.json | trace=a4dcdfde-f6c7-423b-8235-08aab3690d91
INFO: --- Migration Finished --- | trace=a4dcdfde-f6c7-423b-8235-08aab3690d91
INFO: Total posts processed: 264 | trace=a4dcdfde-f6c7-423b-8235-08aab3690d91
INFO:   - Successful: 0 | trace=a4dcdfde-f6c7-423b-8235-08aab3690d91
INFO:   - Failed: 264 | trace=a4dcdfde-f6c7-423b-8235-08aab3690d91
INFO: Redirect map: reports/migration/redirect_map.csv | trace=a4dcdfde-f6c7-423b-8235-08aab3690d91
INFO: Error log: reports/migration/errors.jsonl | trace=a4dcdfde-f6c7-423b-8235-08aab3690d91
INFO: Summary report: reports/migration/summary.json | trace=a4dcdfde-f6c7-423b-8235-08aab3690d91
INFO: Migration process finished. | trace=a4dcdfde-f6c7-423b-8235-08aab3690d91
INFO: Starting WordPress to Wix migration. | trace=a41124fc-97ff-49e0-9b08-8720e5a85e0c
INFO: Extracting posts from CSV docs/Posts-Export-2025-July-25-1838.csv | trace=a41124fc-97ff-49e0-9b08-8720e5a85e0c
INFO: Found 264 posts to migrate. | trace=a41124fc-97ff-49e0-9b08-8720e5a85e0c
INFO: Executando checagens pré-voo... | trace=a41124fc-97ff-49e0-9b08-8720e5a85e0c
INFO: Checagens pré-voo passaram. | trace=a41124fc-97ff-49e0-9b08-8720e5a85e0c
INFO: Migrating post 'debito-ou-credito' | trace=a41124fc-97ff-49e0-9b08-8720e5a85e0c
ERROR: Network error creating draft for post 'debito-ou-credito': {"message":"Expected an object","details":{}} | trace=a41124fc-97ff-49e0-9b08-8720e5a85e0c
ERROR: Failed to generate redirects: generate_redirects_csv() got an unexpected keyword argument 'old_domain' | trace=a41124fc-97ff-49e0-9b08-8720e5a85e0c
INFO: Summary report generated at reports/migration/summary.json | trace=a41124fc-97ff-49e0-9b08-8720e5a85e0c
INFO: --- Migration Finished --- | trace=a41124fc-97ff-49e0-9b08-8720e5a85e0c
INFO: Total posts processed: 264 | trace=a41124fc-97ff-49e0-9b08-8720e5a85e0c
INFO:   - Successful: 0 | trace=a41124fc-97ff-49e0-9b08-8720e5a85e0c
INFO:   - Failed: 264 | trace=a41124fc-97ff-49e0-9b08-8720e5a85e0c
INFO: Redirect map: reports/migration/redirect_map.csv | trace=a41124fc-97ff-49e0-9b08-8720e5a85e0c
INFO: Error log: reports/migration/errors.jsonl | trace=a41124fc-97ff-49e0-9b08-8720e5a85e0c
INFO: Summary report: reports/migration/summary.json | trace=a41124fc-97ff-49e0-9b08-8720e5a85e0c
INFO: Migration process finished. | trace=a41124fc-97ff-49e0-9b08-8720e5a85e0c
INFO: Starting WordPress to Wix migration. | trace=1e06b43c-64e5-47e8-95de-b88ee789d799
INFO: Extracting posts from CSV docs/Posts-Export-2025-July-25-1838.csv | trace=1e06b43c-64e5-47e8-95de-b88ee789d799
INFO: Found 264 posts to migrate. | trace=1e06b43c-64e5-47e8-95de-b88ee789d799
INFO: Executando checagens pré-voo... | trace=1e06b43c-64e5-47e8-95de-b88ee789d799
INFO: Checagens pré-voo passaram. | trace=1e06b43c-64e5-47e8-95de-b88ee789d799
INFO: Migrating post 'debito-ou-credito' | trace=1e06b43c-64e5-47e8-95de-b88ee789d799
ERROR: Network error creating draft for post 'debito-ou-credito': {"message":"Expected an object","details":{}} | trace=1e06b43c-64e5-47e8-95de-b88ee789d799
ERROR: Failed to generate redirects: generate_redirects_csv() got an unexpected keyword argument 'old_domain' | trace=1e06b43c-64e5-47e8-95de-b88ee789d799
INFO: Summary report generated at reports/migration/summary.json | trace=1e06b43c-64e5-47e8-95de-b88ee789d799
INFO: --- Migration Finished --- | trace=1e06b43c-64e5-47e8-95de-b88ee789d799
INFO: Total posts processed: 264 | trace=1e06b43c-64e5-47e8-95de-b88ee789d799
INFO:   - Successful: 0 | trace=1e06b43c-64e5-47e8-95de-b88ee789d799
INFO:   - Failed: 264 | trace=1e06b43c-64e5-47e8-95de-b88ee789d799
INFO: Redirect map: reports/migration/redirect_map.csv | trace=1e06b43c-64e5-47e8-95de-b88ee789d799
INFO: Error log: reports/migration/errors.jsonl | trace=1e06b43c-64e5-47e8-95de-b88ee789d799
INFO: Summary report: reports/migration/summary.json | trace=1e06b43c-64e5-47e8-95de-b88ee789d799
INFO: Migration process finished. | trace=1e06b43c-64e5-47e8-95de-b88ee789d799
INFO: Starting WordPress to Wix migration. | trace=91c0f8ef-990f-414c-aa99-a6403df66bd2
INFO: Extracting posts from CSV docs/Posts-Export-2025-July-25-1838.csv | trace=91c0f8ef-990f-414c-aa99-a6403df66bd2
INFO: Found 264 posts to migrate. | trace=91c0f8ef-990f-414c-aa99-a6403df66bd2
INFO: Executando checagens pré-voo... | trace=91c0f8ef-990f-414c-aa99-a6403df66bd2
INFO: Checagens pré-voo passaram. | trace=91c0f8ef-990f-414c-aa99-a6403df66bd2
INFO: Migrating post 'debito-ou-credito' | trace=91c0f8ef-990f-414c-aa99-a6403df66bd2
ERROR: Network error creating draft for post 'debito-ou-credito': {"message":"Expected an object","details":{}} | trace=91c0f8ef-990f-414c-aa99-a6403df66bd2
ERROR: Failed to generate redirects: generate_redirects_csv() got an unexpected keyword argument 'old_domain' | trace=91c0f8ef-990f-414c-aa99-a6403df66bd2
INFO: Summary report generated at reports/migration/summary.json | trace=91c0f8ef-990f-414c-aa99-a6403df66bd2
INFO: --- Migration Finished --- | trace=91c0f8ef-990f-414c-aa99-a6403df66bd2
INFO: Total posts processed: 264 | trace=91c0f8ef-990f-414c-aa99-a6403df66bd2
INFO:   - Successful: 0 | trace=91c0f8ef-990f-414c-aa99-a6403df66bd2
INFO:   - Failed: 264 | trace=91c0f8ef-990f-414c-aa99-a6403df66bd2
INFO: Redirect map: reports/migration/redirect_map.csv | trace=91c0f8ef-990f-414c-aa99-a6403df66bd2
INFO: Error log: reports/migration/errors.jsonl | trace=91c0f8ef-990f-414c-aa99-a6403df66bd2
INFO: Summary report: reports/migration/summary.json | trace=91c0f8ef-990f-414c-aa99-a6403df66bd2
INFO: Migration process finished. | trace=91c0f8ef-990f-414c-aa99-a6403df66bd2
INFO: Starting WordPress to Wix migration. | trace=d2f61ac6-519c-4fa7-bc85-e48cf4ab33c2
INFO: Extracting posts from CSV docs/posts_wordpress.csv | trace=d2f61ac6-519c-4fa7-bc85-e48cf4ab33c2
INFO: Found 250 posts to migrate. | trace=d2f61ac6-519c-4fa7-bc85-e48cf4ab33c2
INFO: Executando checagens pré-voo... | trace=d2f61ac6-519c-4fa7-bc85-e48cf4ab33c2
INFO: Checagens pré-voo passaram. | trace=d2f61ac6-519c-4fa7-bc85-e48cf4ab33c2
INFO: Migrating post 'debito-ou-credito' | trace=d2f61ac6-519c-4fa7-bc85-e48cf4ab33c2
ERROR: Network error creating draft for post 'debito-ou-credito': {"message":"Expected an object","details":{}} | trace=d2f61ac6-519c-4fa7-bc85-e48cf4ab33c2
INFO: Redirect CSV generated with 0 entries | trace=d2f61ac6-519c-4fa7-bc85-e48cf4ab33c2
INFO: Summary report generated at reports/migration/summary.json | trace=d2f61ac6-519c-4fa7-bc85-e48cf4ab33c2
INFO: --- Migration Finished --- | trace=d2f61ac6-519c-4fa7-bc85-e48cf4ab33c2
INFO: Total posts processed: 250 | trace=d2f61ac6-519c-4fa7-bc85-e48cf4ab33c2
INFO:   - Successful: 0 | trace=d2f61ac6-519c-4fa7-bc85-e48cf4ab33c2
INFO:   - Failed: 250 | trace=d2f61ac6-519c-4fa7-bc85-e48cf4ab33c2
INFO: Redirect map: reports/migration/redirect_map.csv | trace=d2f61ac6-519c-4fa7-bc85-e48cf4ab33c2
INFO: Error log: reports/migration/errors.jsonl | trace=d2f61ac6-519c-4fa7-bc85-e48cf4ab33c2
INFO: Summary report: reports/migration/summary.json | trace=d2f61ac6-519c-4fa7-bc85-e48cf4ab33c2
INFO: Migration process finished. | trace=d2f61ac6-519c-4fa7-bc85-e48cf4ab33c2
INFO: Starting WordPress to Wix migration. | trace=937a4a64-3142-47c9-a602-fb8b0e010b63
INFO: Extracting posts from CSV docs/posts_wordpress.csv | trace=937a4a64-3142-47c9-a602-fb8b0e010b63
INFO: Found 250 posts to migrate. | trace=937a4a64-3142-47c9-a602-fb8b0e010b63
INFO: Executando checagens pré-voo... | trace=937a4a64-3142-47c9-a602-fb8b0e010b63
INFO: Checagens pré-voo passaram. | trace=937a4a64-3142-47c9-a602-fb8b0e010b63
INFO: Migrating post 'debito-ou-credito' | trace=937a4a64-3142-47c9-a602-fb8b0e010b63
ERROR: Network error creating draft for post 'debito-ou-credito': {"message":"Expected an object","details":{}} | trace=937a4a64-3142-47c9-a602-fb8b0e010b63
INFO: Redirect CSV generated with 0 entries | trace=937a4a64-3142-47c9-a602-fb8b0e010b63
INFO: Summary report generated at reports/migration/summary.json | trace=937a4a64-3142-47c9-a602-fb8b0e010b63
INFO: --- Migration Finished --- | trace=937a4a64-3142-47c9-a602-fb8b0e010b63
INFO: Total posts processed: 250 | trace=937a4a64-3142-47c9-a602-fb8b0e010b63
INFO:   - Successful: 0 | trace=937a4a64-3142-47c9-a602-fb8b0e010b63
INFO:   - Failed: 250 | trace=937a4a64-3142-47c9-a602-fb8b0e010b63
INFO: Redirect map: reports/migration/redirect_map.csv | trace=937a4a64-3142-47c9-a602-fb8b0e010b63
INFO: Error log: reports/migration/errors.jsonl | trace=937a4a64-3142-47c9-a602-fb8b0e010b63
INFO: Summary report: reports/migration/summary.json | trace=937a4a64-3142-47c9-a602-fb8b0e010b63
INFO: Migration process finished. | trace=937a4a64-3142-47c9-a602-fb8b0e010b63
INFO: Starting WordPress to Wix migration. | trace=8309b551-ea18-48aa-a833-71d86e82160b
INFO: Extracting posts from CSV docs/posts_wordpress.csv | trace=8309b551-ea18-48aa-a833-71d86e82160b
INFO: Found 250 posts to migrate. | trace=8309b551-ea18-48aa-a833-71d86e82160b
INFO: Executando checagens pré-voo... | trace=8309b551-ea18-48aa-a833-71d86e82160b
ERROR: Falha na verificação de conexão com a API Wix. Verifique seu 'access_token' e a rede. | trace=8309b551-ea18-48aa-a833-71d86e82160b
INFO: Migration process finished. | trace=8309b551-ea18-48aa-a833-71d86e82160b
INFO: Starting WordPress to Wix migration. | trace=d604154b-da1d-43f5-926e-52cc26d3a159
INFO: Extracting posts from CSV docs/posts_wordpress.csv | trace=d604154b-da1d-43f5-926e-52cc26d3a159
INFO: Found 250 posts to migrate. | trace=d604154b-da1d-43f5-926e-52cc26d3a159
INFO: Executando checagens pré-voo... | trace=d604154b-da1d-43f5-926e-52cc26d3a159
INFO: Checagens pré-voo passaram. | trace=d604154b-da1d-43f5-926e-52cc26d3a159
INFO: Migrating post 'debito-ou-credito' | trace=d604154b-da1d-43f5-926e-52cc26d3a159
ERROR: Network error creating draft for post 'debito-ou-credito': {"message":"Expected an object","details":{}} | trace=d604154b-da1d-43f5-926e-52cc26d3a159
INFO: Redirect CSV generated with 0 entries | trace=d604154b-da1d-43f5-926e-52cc26d3a159
INFO: Summary report generated at reports/migration/summary.json | trace=d604154b-da1d-43f5-926e-52cc26d3a159
INFO: --- Migration Finished --- | trace=d604154b-da1d-43f5-926e-52cc26d3a159
INFO: Total posts processed: 250 | trace=d604154b-da1d-43f5-926e-52cc26d3a159
INFO:   - Successful: 0 | trace=d604154b-da1d-43f5-926e-52cc26d3a159
INFO:   - Failed: 250 | trace=d604154b-da1d-43f5-926e-52cc26d3a159
INFO: Redirect map: reports/migration/redirect_map.csv | trace=d604154b-da1d-43f5-926e-52cc26d3a159
INFO: Error log: reports/migration/errors.jsonl | trace=d604154b-da1d-43f5-926e-52cc26d3a159
INFO: Summary report: reports/migration/summary.json | trace=d604154b-da1d-43f5-926e-52cc26d3a159
INFO: Migration process finished. | trace=d604154b-da1d-43f5-926e-52cc26d3a159
INFO: Starting WordPress to Wix migration. | trace=53b73389-8a78-4209-902d-82cf63e953eb
INFO: Extracting posts from CSV docs/posts_wordpress.csv | trace=53b73389-8a78-4209-902d-82cf63e953eb
INFO: Found 250 posts to migrate. | trace=53b73389-8a78-4209-902d-82cf63e953eb
INFO: Executando checagens pré-voo... | trace=53b73389-8a78-4209-902d-82cf63e953eb
INFO: Modo dry-run ativado. Pulando checagens pré-voo. | trace=53b73389-8a78-4209-902d-82cf63e953eb
INFO: Migrating post 'debito-ou-credito' | trace=53b73389-8a78-4209-902d-82cf63e953eb
INFO: Dry-run: would determine member ID for default author | trace=53b73389-8a78-4209-902d-82cf63e953eb
INFO: Dry-run: would ensure categories ['Inovações & investimentos', 'Saúde financeira'] | trace=53b73389-8a78-4209-902d-82cf63e953eb
INFO: Dry-run: would ensure tags ['aceitar cartão', 'cartão', 'cartão de crédito', 'cielo', 'Gestão &', 'máquina de cartão', 'maquininha de cartão', 'moderninha', 'pagseguro', 'passar cartão', 'passar crpédito', 'passar débito', 'receber no cartão', 'redecard', 'sumup', 'vender no cartão', 'vender no crédito', 'vender no débito'] | trace=53b73389-8a78-4209-902d-82cf63e953eb
INFO: Dry-run: would create draft for debito-ou-credito | trace=53b73389-8a78-4209-902d-82cf63e953eb
ERROR: Draft creation for post 'debito-ou-credito' did not return an ID. | trace=53b73389-8a78-4209-902d-82cf63e953eb
INFO: Redirect CSV generated with 0 entries | trace=53b73389-8a78-4209-902d-82cf63e953eb
INFO: Summary report generated at reports/migration/summary.json | trace=53b73389-8a78-4209-902d-82cf63e953eb
INFO: --- Migration Finished --- | trace=53b73389-8a78-4209-902d-82cf63e953eb
INFO: Total posts processed: 250 | trace=53b73389-8a78-4209-902d-82cf63e953eb
INFO:   - Successful: 0 | trace=53b73389-8a78-4209-902d-82cf63e953eb
INFO:   - Failed: 250 | trace=53b73389-8a78-4209-902d-82cf63e953eb
INFO: Redirect map: reports/migration/redirect_map.csv | trace=53b73389-8a78-4209-902d-82cf63e953eb
INFO: Error log: reports/migration/errors.jsonl | trace=53b73389-8a78-4209-902d-82cf63e953eb
INFO: Summary report: reports/migration/summary.json | trace=53b73389-8a78-4209-902d-82cf63e953eb
INFO: Migration process finished. | trace=53b73389-8a78-4209-902d-82cf63e953eb
INFO: Starting WordPress to Wix migration. | trace=fcfa6102-f7e0-4085-9a10-9d52d8774af0
INFO: Extracting posts from CSV docs/posts_wordpress.csv | trace=fcfa6102-f7e0-4085-9a10-9d52d8774af0
INFO: Found 250 posts to migrate. | trace=fcfa6102-f7e0-4085-9a10-9d52d8774af0
INFO: Executando checagens pré-voo... | trace=fcfa6102-f7e0-4085-9a10-9d52d8774af0
INFO: Modo dry-run ativado. Pulando checagens pré-voo. | trace=fcfa6102-f7e0-4085-9a10-9d52d8774af0
INFO: Migrating post 'debito-ou-credito' | trace=fcfa6102-f7e0-4085-9a10-9d52d8774af0
INFO: Dry-run: would determine member ID for default author | trace=fcfa6102-f7e0-4085-9a10-9d52d8774af0
INFO: Dry-run: would ensure categories ['Inovações & investimentos', 'Saúde financeira'] | trace=fcfa6102-f7e0-4085-9a10-9d52d8774af0
INFO: Dry-run: would ensure tags ['aceitar cartão', 'cartão', 'cartão de crédito', 'cielo', 'Gestão &', 'máquina de cartão', 'maquininha de cartão', 'moderninha', 'pagseguro', 'passar cartão', 'passar crpédito', 'passar débito', 'receber no cartão', 'redecard', 'sumup', 'vender no cartão', 'vender no crédito', 'vender no débito'] | trace=fcfa6102-f7e0-4085-9a10-9d52d8774af0
INFO: Dry-run: would create draft for debito-ou-credito | trace=fcfa6102-f7e0-4085-9a10-9d52d8774af0
INFO: Redirect CSV generated with 1 entries | trace=fcfa6102-f7e0-4085-9a10-9d52d8774af0
INFO: Summary report generated at reports/migration/summary.json | trace=fcfa6102-f7e0-4085-9a10-9d52d8774af0
INFO: --- Migration Finished --- | trace=fcfa6102-f7e0-4085-9a10-9d52d8774af0
INFO: Total posts processed: 250 | trace=fcfa6102-f7e0-4085-9a10-9d52d8774af0
INFO:   - Successful: 1 | trace=fcfa6102-f7e0-4085-9a10-9d52d8774af0
INFO:   - Failed: 249 | trace=fcfa6102-f7e0-4085-9a10-9d52d8774af0
INFO: Redirect map: reports/migration/redirect_map.csv | trace=fcfa6102-f7e0-4085-9a10-9d52d8774af0
INFO: Error log: reports/migration/errors.jsonl | trace=fcfa6102-f7e0-4085-9a10-9d52d8774af0
INFO: Summary report: reports/migration/summary.json | trace=fcfa6102-f7e0-4085-9a10-9d52d8774af0
INFO: Migration process finished. | trace=fcfa6102-f7e0-4085-9a10-9d52d8774af0
INFO: Starting WordPress to Wix migration. | trace=ebf6e696-171a-491f-9e3b-cc6f4c60c6b9
INFO: Extracting posts from CSV docs/posts_wordpress.csv | trace=ebf6e696-171a-491f-9e3b-cc6f4c60c6b9
INFO: Found 250 posts to migrate. | trace=ebf6e696-171a-491f-9e3b-cc6f4c60c6b9
INFO: Executando checagens pré-voo... | trace=ebf6e696-171a-491f-9e3b-cc6f4c60c6b9
INFO: Modo dry-run ativado. Pulando checagens pré-voo. | trace=ebf6e696-171a-491f-9e3b-cc6f4c60c6b9
INFO: Migrating post 'debito-ou-credito' | trace=ebf6e696-171a-491f-9e3b-cc6f4c60c6b9
INFO: Dry-run: would determine member ID for default author | trace=ebf6e696-171a-491f-9e3b-cc6f4c60c6b9
INFO: Dry-run: would ensure categories ['Inovações & investimentos', 'Saúde financeira'] | trace=ebf6e696-171a-491f-9e3b-cc6f4c60c6b9
INFO: Dry-run: would ensure tags ['aceitar cartão', 'cartão', 'cartão de crédito', 'cielo', 'Gestão &', 'máquina de cartão', 'maquininha de cartão', 'moderninha', 'pagseguro', 'passar cartão', 'passar crpédito', 'passar débito', 'receber no cartão', 'redecard', 'sumup', 'vender no cartão', 'vender no crédito', 'vender no débito'] | trace=ebf6e696-171a-491f-9e3b-cc6f4c60c6b9
INFO: Dry-run: would create draft for debito-ou-credito | trace=ebf6e696-171a-491f-9e3b-cc6f4c60c6b9
INFO: Redirect CSV generated with 1 entries | trace=ebf6e696-171a-491f-9e3b-cc6f4c60c6b9
INFO: Summary report generated at reports/migration/summary.json | trace=ebf6e696-171a-491f-9e3b-cc6f4c60c6b9
INFO: --- Migration Finished --- | trace=ebf6e696-171a-491f-9e3b-cc6f4c60c6b9
INFO: Total posts processed: 250 | trace=ebf6e696-171a-491f-9e3b-cc6f4c60c6b9
INFO:   - Successful: 1 | trace=ebf6e696-171a-491f-9e3b-cc6f4c60c6b9
INFO:   - Failed: 249 | trace=ebf6e696-171a-491f-9e3b-cc6f4c60c6b9
INFO: Redirect map: reports/migration/redirect_map.csv | trace=ebf6e696-171a-491f-9e3b-cc6f4c60c6b9
INFO: Error log: reports/migration/errors.jsonl | trace=ebf6e696-171a-491f-9e3b-cc6f4c60c6b9
INFO: Summary report: reports/migration/summary.json | trace=ebf6e696-171a-491f-9e3b-cc6f4c60c6b9
INFO: Migration process finished. | trace=ebf6e696-171a-491f-9e3b-cc6f4c60c6b9
INFO: Starting WordPress to Wix migration. | trace=729d8559-2000-4fb6-9fb3-496fa83f305f
INFO: Extracting posts from CSV docs/posts_wordpress.csv | trace=729d8559-2000-4fb6-9fb3-496fa83f305f
INFO: Found 250 posts to migrate. | trace=729d8559-2000-4fb6-9fb3-496fa83f305f
INFO: Executando checagens pré-voo... | trace=729d8559-2000-4fb6-9fb3-496fa83f305f
INFO: Modo dry-run ativado. Pulando checagens pré-voo. | trace=729d8559-2000-4fb6-9fb3-496fa83f305f
INFO: Migrating post 'debito-ou-credito' | trace=729d8559-2000-4fb6-9fb3-496fa83f305f
INFO: Dry-run: would determine member ID for default author | trace=729d8559-2000-4fb6-9fb3-496fa83f305f
INFO: Dry-run: would ensure categories ['Inovações & investimentos', 'Saúde financeira'] | trace=729d8559-2000-4fb6-9fb3-496fa83f305f
INFO: Dry-run: would ensure tags ['aceitar cartão', 'cartão', 'cartão de crédito', 'cielo', 'Gestão &', 'máquina de cartão', 'maquininha de cartão', 'moderninha', 'pagseguro', 'passar cartão', 'passar crpédito', 'passar débito', 'receber no cartão', 'redecard', 'sumup', 'vender no cartão', 'vender no crédito', 'vender no débito'] | trace=729d8559-2000-4fb6-9fb3-496fa83f305f
INFO: Dry-run: would create draft for debito-ou-credito | trace=729d8559-2000-4fb6-9fb3-496fa83f305f
INFO: Redirect CSV generated with 1 entries | trace=729d8559-2000-4fb6-9fb3-496fa83f305f
INFO: Summary report generated at reports/migration/summary.json | trace=729d8559-2000-4fb6-9fb3-496fa83f305f
INFO: --- Migration Finished --- | trace=729d8559-2000-4fb6-9fb3-496fa83f305f
INFO: Total posts processed: 250 | trace=729d8559-2000-4fb6-9fb3-496fa83f305f
INFO:   - Successful: 1 | trace=729d8559-2000-4fb6-9fb3-496fa83f305f
INFO:   - Failed: 249 | trace=729d8559-2000-4fb6-9fb3-496fa83f305f
INFO: Redirect map: reports/migration/redirect_map.csv | trace=729d8559-2000-4fb6-9fb3-496fa83f305f
INFO: Error log: reports/migration/errors.jsonl | trace=729d8559-2000-4fb6-9fb3-496fa83f305f
INFO: Summary report: reports/migration/summary.json | trace=729d8559-2000-4fb6-9fb3-496fa83f305f
INFO: Migration process finished. | trace=729d8559-2000-4fb6-9fb3-496fa83f305f
INFO: Starting WordPress to Wix migration. | trace=3afe3ce7-d7b0-4c92-b8ed-0fdefb996e13
INFO: Extracting posts from CSV docs/posts_wordpress.csv | trace=3afe3ce7-d7b0-4c92-b8ed-0fdefb996e13
INFO: Found 250 posts to migrate. | trace=3afe3ce7-d7b0-4c92-b8ed-0fdefb996e13
INFO: Executando checagens pré-voo... | trace=3afe3ce7-d7b0-4c92-b8ed-0fdefb996e13
INFO: Checagens pré-voo passaram. | trace=3afe3ce7-d7b0-4c92-b8ed-0fdefb996e13
INFO: Migrating post 'debito-ou-credito' | trace=3afe3ce7-d7b0-4c92-b8ed-0fdefb996e13
INFO: Redirect CSV generated with 1 entries | trace=3afe3ce7-d7b0-4c92-b8ed-0fdefb996e13
INFO: Summary report generated at reports/migration/summary.json | trace=3afe3ce7-d7b0-4c92-b8ed-0fdefb996e13
INFO: --- Migration Finished --- | trace=3afe3ce7-d7b0-4c92-b8ed-0fdefb996e13
INFO: Total posts processed: 250 | trace=3afe3ce7-d7b0-4c92-b8ed-0fdefb996e13
INFO:   - Successful: 1 | trace=3afe3ce7-d7b0-4c92-b8ed-0fdefb996e13
INFO:   - Failed: 249 | trace=3afe3ce7-d7b0-4c92-b8ed-0fdefb996e13
INFO: Redirect map: reports/migration/redirect_map.csv | trace=3afe3ce7-d7b0-4c92-b8ed-0fdefb996e13
INFO: Error log: reports/migration/errors.jsonl | trace=3afe3ce7-d7b0-4c92-b8ed-0fdefb996e13
INFO: Summary report: reports/migration/summary.json | trace=3afe3ce7-d7b0-4c92-b8ed-0fdefb996e13
INFO: Migration process finished. | trace=3afe3ce7-d7b0-4c92-b8ed-0fdefb996e13
INFO: Starting WordPress to Wix migration. | trace=996bebe3-f427-478a-91b6-ead3a68b1198
INFO: Extracting posts from CSV docs/posts_wordpress.csv | trace=996bebe3-f427-478a-91b6-ead3a68b1198
INFO: Found 250 posts to migrate. | trace=996bebe3-f427-478a-91b6-ead3a68b1198
INFO: Executando checagens pré-voo... | trace=996bebe3-f427-478a-91b6-ead3a68b1198
INFO: Checagens pré-voo passaram. | trace=996bebe3-f427-478a-91b6-ead3a68b1198
INFO: Migrating post 'debito-ou-credito' | trace=996bebe3-f427-478a-91b6-ead3a68b1198
INFO: Redirect CSV generated with 1 entries | trace=996bebe3-f427-478a-91b6-ead3a68b1198
INFO: Summary report generated at reports/migration/summary.json | trace=996bebe3-f427-478a-91b6-ead3a68b1198
INFO: --- Migration Finished --- | trace=996bebe3-f427-478a-91b6-ead3a68b1198
INFO: Total posts processed: 250 | trace=996bebe3-f427-478a-91b6-ead3a68b1198
INFO:   - Successful: 1 | trace=996bebe3-f427-478a-91b6-ead3a68b1198
INFO:   - Failed: 249 | trace=996bebe3-f427-478a-91b6-ead3a68b1198
INFO: Redirect map: reports/migration/redirect_map.csv | trace=996bebe3-f427-478a-91b6-ead3a68b1198
INFO: Error log: reports/migration/errors.jsonl | trace=996bebe3-f427-478a-91b6-ead3a68b1198
INFO: Summary report: reports/migration/summary.json | trace=996bebe3-f427-478a-91b6-ead3a68b1198
INFO: Migration process finished. | trace=996bebe3-f427-478a-91b6-ead3a68b1198
INFO: Starting WordPress to Wix migration. | trace=406d9c80-4586-4f9f-8a4b-87ee820443d9
INFO: Extracting posts from CSV docs/posts_wordpress.csv | trace=406d9c80-4586-4f9f-8a4b-87ee820443d9
INFO: Found 250 posts to migrate. | trace=406d9c80-4586-4f9f-8a4b-87ee820443d9
INFO: Executando checagens pré-voo... | trace=406d9c80-4586-4f9f-8a4b-87ee820443d9
ERROR: Falha na verificação de conexão com a API Wix. Verifique seu 'access_token' e a rede. | trace=406d9c80-4586-4f9f-8a4b-87ee820443d9
INFO: Migration process finished. | trace=406d9c80-4586-4f9f-8a4b-87ee820443d9
INFO: Starting WordPress to Wix migration. | trace=5c32579e-addd-4858-b330-417d20f49018
INFO: Extracting posts from CSV docs/posts_wordpress.csv | trace=5c32579e-addd-4858-b330-417d20f49018
INFO: Found 250 posts to migrate. | trace=5c32579e-addd-4858-b330-417d20f49018
INFO: Executando checagens pré-voo... | trace=5c32579e-addd-4858-b330-417d20f49018
INFO: Checagens pré-voo passaram. | trace=5c32579e-addd-4858-b330-417d20f49018
INFO: Migrating post 'debito-ou-credito' | trace=5c32579e-addd-4858-b330-417d20f49018
INFO: Redirect CSV generated with 1 entries | trace=5c32579e-addd-4858-b330-417d20f49018
INFO: Summary report generated at reports/migration/summary.json | trace=5c32579e-addd-4858-b330-417d20f49018
INFO: --- Migration Finished --- | trace=5c32579e-addd-4858-b330-417d20f49018
INFO: Total posts processed: 250 | trace=5c32579e-addd-4858-b330-417d20f49018
INFO:   - Successful: 1 | trace=5c32579e-addd-4858-b330-417d20f49018
INFO:   - Failed: 249 | trace=5c32579e-addd-4858-b330-417d20f49018
INFO: Redirect map: reports/migration/redirect_map.csv | trace=5c32579e-addd-4858-b330-417d20f49018
INFO: Error log: reports/migration/errors.jsonl | trace=5c32579e-addd-4858-b330-417d20f49018
INFO: Summary report: reports/migration/summary.json | trace=5c32579e-addd-4858-b330-417d20f49018
INFO: Migration process finished. | trace=5c32579e-addd-4858-b330-417d20f49018
